
> invoice-manager@0.1.0 build
> next build

npm :  ΓÜá Warning: Next.js inferred your workspace root, but it may not be 
correct.
At line:1 char:1
+ npm run build > build-output.txt 2>&1; Get-Content build-output.txt | ...
+ ~~~~~~~~~~~~~~~~~~~~~~~~~~~~~~~~~~~~~
    + CategoryInfo          : NotSpecified: ( ΓÜá Warning: N...not be correct. 
   :String) [], RemoteException
    + FullyQualifiedErrorId : NativeCommandError
 
 We detected multiple lockfiles and selected the directory of 
C:\Users\satwa\package-lock.json as the root directory.
 To silence this warning, set `outputFileTracingRoot` in your Next.js config, 
or consider removing one of the lockfiles if it's not needed.
   See 
https://nextjs.org/docs/app/api-reference/config/next-config-js/output#caveats 
for more information.
 Detected additional lockfiles: 
   * C:\Users\satwa\Desktop\Portfolio - Resume -related sites\Create 
Invoices\invoice-manager-main\package-lock.json

   Γû▓ Next.js 15.5.2
   - Environments: .env.local

   Creating an optimized production build ...
 ΓÜá Compiled with warnings in 12.7s

./src/app/api/seed/route.ts
Attempted import error: 'connectDB' is not exported from '@/lib/db/connection' 
(imported as 'connectDB').

Import trace for requested module:
./src/app/api/seed/route.ts

 Γ£ô Compiled successfully in 22.9s
   Linting and checking validity of types ...

./src/app/admin/seed/page.tsx
21:3  Warning: 'Trash2' is defined but never used.  @typescript-eslint/no-unused-vars

./src/app/analytics/page.tsx
7:3  Warning: 'Card' is defined but never used.  @typescript-eslint/no-unused-vars
18:3  Warning: 'BarChart3' is defined but never used.  @typescript-eslint/no-unused-vars
35:11  Warning: 'Invoice' is defined but never used.  @typescript-eslint/no-unused-vars
118:6  Warning: React Hook useEffect has a missing dependency: 'fetchAnalyticsData'. Either include it or remove the dependency array.  react-hooks/exhaustive-deps

./src/app/api/auth/refresh/route.ts
2:10  Warning: 'getServerSession' is defined but never used.  @typescript-eslint/no-unused-vars
3:10  Warning: 'authOptions' is defined but never used.  @typescript-eslint/no-unused-vars

./src/app/api/auth/register/route.ts
65:23  Warning: '_' is assigned a value but never used.  @typescript-eslint/no-unused-vars

./src/app/api/seed/route.ts
424:47  Warning: 'index' is defined but never used.  @typescript-eslint/no-unused-vars

./src/app/auth/signin/page.tsx
4:18  Warning: 'getSession' is defined but never used.  @typescript-eslint/no-unused-vars
17:10  Warning: 'FileText' is defined but never used.  @typescript-eslint/no-unused-vars
19:10  Warning: 'Switch' is defined but never used.  @typescript-eslint/no-unused-vars
21:10  Warning: 'PasswordStrengthIndicator' is defined but never used.  @typescript-eslint/no-unused-vars
34:9  Warning: 'passwordValidation' is assigned a value but never used.  @typescript-eslint/no-unused-vars
82:14  Warning: 'error' is defined but never used.  @typescript-eslint/no-unused-vars

./src/app/auth/signup/page.tsx
10:10  Warning: 'FileText' is defined but never used.  @typescript-eslint/no-unused-vars
14:18  Warning: 'AnimatePresence' is defined but never used.  @typescript-eslint/no-unused-vars
79:14  Warning: 'error' is defined but never used.  @typescript-eslint/no-unused-vars

./src/app/customers/page.tsx
15:10  Warning: 'Badge' is defined but never used.  @typescript-eslint/no-unused-vars

./src/app/customers/[id]/edit/page.tsx
16:10  Warning: 'Textarea' is defined but never used.  @typescript-eslint/no-unused-vars

./src/app/dashboard/page.tsx
7:3  Warning: 'Card' is defined but never used.  @typescript-eslint/no-unused-vars

./src/app/invoices/create/page.tsx
24:10  Warning: 'Badge' is defined but never used.  @typescript-eslint/no-unused-vars
29:3  Warning: 'Save' is defined but never used.  @typescript-eslint/no-unused-vars
43:3  Warning: 'Zap' is defined but never used.  @typescript-eslint/no-unused-vars
228:6  Warning: React Hook useEffect has a missing dependency: 'templateConfigs'. Either include it or remove the dependency array.  react-hooks/exhaustive-deps
1006:47  Warning: 'index' is defined but never used.  @typescript-eslint/no-unused-vars

./src/app/invoices/page.tsx
7:3  Warning: 'Card' is defined but never used.  @typescript-eslint/no-unused-vars
29:3  Warning: 'ChevronDown' is defined but never used.  @typescript-eslint/no-unused-vars
34:3  Warning: 'ExternalLink' is defined but never used.  @typescript-eslint/no-unused-vars
35:3  Warning: 'Pencil' is defined but never used.  @typescript-eslint/no-unused-vars
36:3  Warning: 'ArrowDownToLine' is defined but never used.  @typescript-eslint/no-unused-vars
37:3  Warning: 'EyeIcon' is defined but never used.  @typescript-eslint/no-unused-vars
38:3  Warning: 'PenTool' is defined but never used.  @typescript-eslint/no-unused-vars
39:3  Warning: 'Trash' is defined but never used.  @typescript-eslint/no-unused-vars
54:16  Warning: 'TabsContent' is defined but never used.  @typescript-eslint/no-unused-vars
117:6  Warning: React Hook useEffect has missing dependencies: 'searchTerm' and 'statusFilter'. Either include them or remove the dependency array.  react-hooks/exhaustive-deps
128:6  Warning: React Hook useEffect has missing dependencies: 'session', 'status', and 'statusFilter'. Either include them or remove the dependency array.  react-hooks/exhaustive-deps
134:6  Warning: React Hook useEffect has missing dependencies: 'searchTerm', 'session', and 'status'. Either include them or remove the dependency array.  react-hooks/exhaustive-deps

./src/app/invoices/[id]/edit/page.tsx
7:3  Warning: 'Card' is defined but never used.  @typescript-eslint/no-unused-vars
9:3  Warning: 'CardDescription' is defined but never used.  @typescript-eslint/no-unused-vars
100:6  Warning: React Hook useEffect has a missing dependency: 'fetchInvoice'. Either include it or remove the dependency array.  react-hooks/exhaustive-deps

./src/app/invoices/[id]/page.tsx
6:29  Warning: 'CardDescription' is defined but never used.  @typescript-eslint/no-unused-vars
13:3  Warning: 'Calendar' is defined but never used.  @typescript-eslint/no-unused-vars
16:3  Warning: 'User' is defined but never used.  @typescript-eslint/no-unused-vars
83:6  Warning: React Hook useEffect has a missing dependency: 'fetchInvoice'. Either include it or remove the dependency array.  react-hooks/exhaustive-deps
236:45  Warning: 'index' is defined but never used.  @typescript-eslint/no-unused-vars

./src/app/page.tsx
9:3  Warning: 'Card' is defined but never used.  @typescript-eslint/no-unused-vars
32:3  Warning: 'X' is defined but never used.  @typescript-eslint/no-unused-vars

./src/app/settings/page.tsx
6:10  Warning: 'Card' is defined but never used.  @typescript-eslint/no-unused-vars
10:10  Warning: 'Textarea' is defined but never used.  @typescript-eslint/no-unused-vars
13:10  Warning: 'Badge' is defined but never used.  @typescript-eslint/no-unused-vars
19:3  Warning: 'User' is defined but never used.  @typescript-eslint/no-unused-vars
27:3  Warning: 'Trash2' is defined but never used.  @typescript-eslint/no-unused-vars
28:3  Warning: 'Eye' is defined but never used.  @typescript-eslint/no-unused-vars
29:3  Warning: 'EyeOff' is defined but never used.  @typescript-eslint/no-unused-vars
30:3  Warning: 'Globe' is defined but never used.  @typescript-eslint/no-unused-vars
31:3  Warning: 'Mail' is defined but never used.  @typescript-eslint/no-unused-vars
32:3  Warning: 'Phone' is defined but never used.  @typescript-eslint/no-unused-vars
33:3  Warning: 'MapPin' is defined but never used.  @typescript-eslint/no-unused-vars
34:3  Warning: 'FileText' is defined but never used.  @typescript-eslint/no-unused-vars
35:3  Warning: 'CreditCard' is defined but never used.  @typescript-eslint/no-unused-vars
117:6  Warning: React Hook useEffect has a missing dependency: 'loadSettings'. Either include it or remove the dependency array.  react-hooks/exhaustive-deps
314:29  Warning: Using `<img>` could result in slower LCP and higher bandwidth. Consider using `<Image />` from `next/image` or a custom image loader to automatically optimize images. This may incur additional usage or cost from your provider. See: https://nextjs.org/docs/messages/no-img-element  @next/next/no-img-element

./src/app/templates/page.tsx
7:3  Warning: 'Card' is defined but never used.  @typescript-eslint/no-unused-vars
27:3  Warning: 'Palette' is defined but never used.  @typescript-eslint/no-unused-vars

./src/app/work-descriptions/page.tsx
9:3  Warning: 'CardDescription' is defined but never used.  @typescript-eslint/no-unused-vars
15:10  Warning: 'Badge' is defined but never used.  @typescript-eslint/no-unused-vars

./src/app/work-descriptions/[id]/edit/page.tsx
41:6  Warning: React Hook useEffect has a missing dependency: 'fetchWorkDescription'. Either include it or remove the dependency array.  react-hooks/exhaustive-deps

./src/components/ui/accordion.tsx
5:23  Warning: 'ChevronUp' is defined but never used.  @typescript-eslint/no-unused-vars

./src/components/ui/animated-card.tsx
6:3  Warning: 'CardContent' is defined but never used.  @typescript-eslint/no-unused-vars
7:3  Warning: 'CardDescription' is defined but never used.  @typescript-eslint/no-unused-vars
8:3  Warning: 'CardHeader' is defined but never used.  @typescript-eslint/no-unused-vars
9:3  Warning: 'CardTitle' is defined but never used.  @typescript-eslint/no-unused-vars

./src/components/ui/gradient-tooltip.tsx
32:15  Warning: 'viewportHeight' is assigned a value but never used.  @typescript-eslint/no-unused-vars

./src/components/ui/password-strength-indicator.tsx
12:11  Warning: 'isValid' is assigned a value but never used.  @typescript-eslint/no-unused-vars

./src/lib/auth/config.ts
251:20  Warning: 'user' is defined but never used.  @typescript-eslint/no-unused-vars
251:35  Warning: 'profile' is defined but never used.  @typescript-eslint/no-unused-vars
266:35  Warning: 'profile' is defined but never used.  @typescript-eslint/no-unused-vars
266:44  Warning: 'isNewUser' is defined but never used.  @typescript-eslint/no-unused-vars

./src/lib/db/connection.ts
22:3  Warning: Unused eslint-disable directive (no problems were reported from 'no-var').

./src/lib/pdf-export.ts
121:9  Warning: 'primaryColor' is assigned a value but never used.  @typescript-eslint/no-unused-vars
122:9  Warning: 'secondaryColor' is assigned a value but never used.  @typescript-eslint/no-unused-vars
124:9  Warning: 'lightGray' is assigned a value but never used.  @typescript-eslint/no-unused-vars

./src/lib/rate-limit.ts
24:11  Warning: 'windowStart' is assigned a value but never used.  @typescript-eslint/no-unused-vars

./src/middleware.ts
3:10  Warning: 'getToken' is defined but never used.  @typescript-eslint/no-unused-vars

info  - Need to disable some ESLint rules? Learn more here: https://nextjs.org/docs/app/api-reference/config/eslint#disabling-rules
Failed to compile.

./scripts/seed.ts:27:27
Type error: Argument of type 'string | undefined' is not assignable to 
parameter of type 'string'.
  Type 'undefined' is not assignable to type 'string'.

[0m [90m 25 |[39m   }[33m;[39m
 [90m 26 |[39m
[31m[1m>[22m[39m[90m 27 |[39m   [36mreturn[39m 
mongoose[33m.[39mconnect([33mMONGODB_URI[39m[33m,[39m opts)[33m;[39m
 [90m    |[39m                           [31m[1m^[22m[39m
 [90m 28 |[39m }
 [90m 29 |[39m
 [90m 30 |[39m [90m// Import models after environment variables are 
loaded[39m[0m
Next.js build worker exited with code: 1 and signal: null
